[09/06/2026 20:04:02,82] Iniciando submit iOS
Resolved "production" environment for the build. Learn more: https://docs.expo.dev/eas/environment-variables/#setting-the-environment-for-your-builds
No environment variables with visibility "Plain text" and "Sensitive" found for the "production" environment on EAS.
Environment variables loaded from the "production" build profile "env" configuration: EAS_GRADLE_CACHE, SENTRY_DISABLE_AUTO_UPLOAD, EXPO_PUBLIC_API_URL, EXPO_PUBLIC_SENTRY_DSN.

- Incrementing buildNumber from 43 to 44.
? Incremented buildNumber from 43 to 44.


ios.buildNumber field in app config is ignored when version source is set to remote, but this value will still be in the manifest available via expo-constants. It's recommended to remove this value from app config.
? Using remote iOS credentials (Expo server)

Distribution Certificate is not validated for non-interactive builds.
Skipping Provisioning Profile validation on Apple Servers because we aren't authenticated.

Project Credentials Configuration

Project                   @trfernandes/artos_frontend
Bundle Identifier         br.app.diakonia
                          
App Store Configuration   
                          
Distribution Certificate  
Serial Number             391E0040C2F86C43B80BC38AC09FA681
Expiration Date           Thu, 18 Feb 2027 20:50:35 GMT-0300
Apple Team                FA6KSA77RJ (Thiago Rodrigo Fernandes (Individual))
Updated                   3 months ago
                          
Provisioning Profile      
Developer Portal ID       BW294BM6VP
Status                    active
Expiration                Thu, 18 Feb 2027 20:50:35 GMT-0300
Apple Team                FA6KSA77RJ (Thiago Rodrigo Fernandes (Individual))
Updated                   3 months ago
                          
All credentials are ready to build @trfernandes/artos_frontend (br.app.diakonia)


Compressing project files and uploading to EAS Build. Learn more: https://expo.fyi/eas-build-archive
- Compressing project files
- Uploading to EAS Build (0 / 42.8 MB)
? Uploaded to EAS 3s
- Computing project fingerprint
?? Computing the project fingerprint is taking longer than expected...
? To skip this step, set the environment variable: EAS_SKIP_AUTO_FINGERPRINT=1
? Computed project fingerprint

See logs: https://expo.dev/accounts/trfernandes/projects/artos_frontend/builds/9c62bb15-04b5-4bc5-a2e0-dc356da9bf08

ASC App ID:                 6759353187
Project ID:                 8de609c4-80b9-4a57-9d70-b8c16383e892
App Store Connect API Key:  
    Key ID    :  C5MF5W6DSK
    Key Source:  local
    Key Path  :  ./ios.p8
Build:                      
    Build ID    :  9c62bb15-04b5-4bc5-a2e0-dc356da9bf08
    Build Date  :  09/06/2026, 20:06:20
    App Version :  1.0.0
    Build number:  44

- Scheduling iOS submission
? Scheduled iOS submission

Submission details: https://expo.dev/accounts/trfernandes/projects/artos_frontend/submissions/2785aad4-bf58-49c5-bf93-e4f09c4b1d8e

Waiting for build to complete. You can press Ctrl+C to exit.
- Waiting for build to complete.
? Build finished

?? iOS app:
https://expo.dev/artifacts/eas/kj3LMt3XfHYknjw54HjiWG.ipa

Waiting for submission to complete. You can press Ctrl+C to exit.
- Submitting
? Submitted your app to Apple App Store Connect!

Your binary has been successfully uploaded to App Store Connect!
- It is now being processed by Apple - you will receive an email when the processing finishes.
- It usually takes about 5-10 minutes depending on how busy Apple servers are.
- When it's done, you can see your build here: https://appstoreconnect.apple.com/apps/6759353187/testflight/ios
